// Jest Snapshot v1, https://goo.gl/fbAQLP

exports[`Test DetailsContainer renders correctly 1`] = `
<div
  className="container"
>
  <div
    className="detailsContainer"
  />
</div>
`;
